[designmattersmedia.com/index.html]
[backblue.gif]
[fade.gif]
[index.html]
[designmattersmedia.com/wp-json/oembed/1.0/embed9820.json]
[designmattersmedia.com/wp-json/oembed/1.0/embedf3b6]
[designmattersmedia.com/wp-content/plugins/gutenberg/build/styles/block-library/navigation/style.mine765.css]
[designmattersmedia.com/feed/index.html]
[designmattersmedia.com/comments/feed/index.html]
[designmattersmedia.com/wp-content/plugins/gutenberg/build/styles/block-library/cover/style.mine765.css]
[designmattersmedia.com/wp-content/plugins/jetpack/jetpack_vendor/automattic/jetpack-search/build/instant-search/jp-search.chunk-main-payloada46b.css]
[designmattersmedia.com/wp-content/themes/design-matters/style446d.css]
[designmattersmedia.com/wp-json/wp/v2/pages/9.json]
[designmattersmedia.com/wp-json/index.html]
[designmattersmedia.com/xmlrpc0db0.php]
[designmattersmedia.com/&apos;https_/designmattersmedia.com/wp-content/uploads/2025/01/about-bg@2x.png&apos]
[designmattersmedia.com/wp-content/plugins/gutenberg/build/scripts/hooks/index.min394d.js]
[designmattersmedia.com/wp-content/plugins/gutenberg/build/scripts/i18n/index.mineca5.js]
[designmattersmedia.com/wp-content/plugins/jetpack/jetpack_vendor/automattic/jetpack-assets/build/i18n-loader1bbb.js]
[designmattersmedia.com/wp-content/plugins/gutenberg/build/scripts/url/index.min3303.js]
[designmattersmedia.com/index.html]
[designmattersmedia.com/wp-content/plugins/gutenberg/build/styles/block-library/navigation/style.mine765.css]
[designmattersmedia.com/wp-content/plugins/gutenberg/build/styles/block-library/cover/style.mine765.css]
[designmattersmedia.com/wp-content/plugins/jetpack/jetpack_vendor/automattic/jetpack-search/build/instant-search/jp-search.chunk-main-payloada46b.css]
[designmattersmedia.com/wp-content/themes/design-matters/style446d.css]
[designmattersmedia.com/&apos;https_/designmattersmedia.com/wp-content/uploads/2025/01/about-bg@2x.html]
[designmattersmedia.com/wp-content/plugins/jetpack/jetpack_vendor/automattic/jetpack-search/build/instant-search/jp-searcha46b.js]
